// Jest Snapshot v1, https://goo.gl/fbAQLP

exports[`Es hora de las instantaneas Siempre fallará la instantanea 1`] = `
Object {
  "createAt": 2021-03-31T16:43:22.860Z,
  "id": 6,
}
`;

exports[`Es hora de las instantaneas Snapshot 1`] = `
Object {
  "gender": "Male",
  "id": 1,
  "name": "Rick Sanchez",
  "status": "Alive",
}
`;

exports[`Es hora de las instantaneas Tenemos una excepción dentro del código 1`] = `
Object {
  "id": Any<Number>,
  "name": "Miguel Reyes",
}
`;
